// Jest Snapshot v1, https://goo.gl/fbAQLP

exports[`SearchComponent snapshot 1`] = `
<View
  style={
    Array [
      Object {
        "alignItems": "center",
        "flexDirection": "row",
        "width": "100%",
      },
      Object {
        "alignContent": "center",
        "alignItems": "center",
        "display": "flex",
        "flexDirection": "row",
        "justifyContent": "center",
        "width": "100%",
      },
    ]
  }
>
  <View
    style={
      Object {
        "marginLeft": 25,
        "paddingLeft": 3,
        "width": "80%",
      }
    }
  >
    <View
      style={
        Object {
          "borderColor": "#5f5f5f",
          "borderRadius": 7,
          "borderWidth": 1,
          "height": 40,
          "marginLeft": 20,
          "marginRight": 20,
          "marginTop": 10,
        }
      }
    >
      <TextInput
        allowFontScaling={true}
        autoCapitalize="none"
        blurOnSubmit={false}
        onChangeText={[Function]}
        placeholder="Search Dictionary"
        placeholderTextColor="#9b9b9b"
        rejectResponderTermination={true}
        showSoftInputOnFocus={false}
        style={
          Object {
            "color": "#ffffff",
            "fontFamily": "Ubuntu-Regular",
            "opacity": 100,
            "paddingHorizontal": 15,
            "textAlign": "auto",
          }
        }
        textAlign="left"
        underlineColorAndroid="transparent"
        value="Owl"
      />
    </View>
  </View>
  <View
    style={
      Object {
        "alignItems": "center",
        "justifyContent": "center",
        "paddingBottom": 10,
      }
    }
  >
    <View
      accessible={true}
      focusable={true}
      onClick={[Function]}
      onResponderGrant={[Function]}
      onResponderMove={[Function]}
      onResponderRelease={[Function]}
      onResponderTerminate={[Function]}
      onResponderTerminationRequest={[Function]}
      onStartShouldSetResponder={[Function]}
      style={
        Object {
          "alignItems": "center",
          "backgroundColor": "#555CC4",
          "borderRadius": 7,
          "color": "#ffffff",
          "marginLeft": 20,
          "marginRight": 20,
          "marginTop": 16,
          "opacity": 1,
          "padding": 10,
        }
      }
    >
      <Text
        style={
          Object {
            "color": "#ffffff",
            "fontFamily": "Ubuntu-Regular",
          }
        }
      >
        Search
      </Text>
    </View>
  </View>
  <Icon
    color="#9b9b9b"
    name="search"
    size={20}
    style={
      Object {
        "bottom": 15,
        "position": "absolute",
        "right": 135,
      }
    }
  />
</View>
`;
