// Jest Snapshot v1, https://goo.gl/fbAQLP

exports[`Layout snapshot 1`] = `
<View
  style={
    Object {
      "flex": 1,
      "fontFamily": "Ubuntu-Regular",
    }
  }
/>
`;
