// Jest Snapshot v1, https://goo.gl/fbAQLP

exports[`Row snapshot 1`] = `
<View
  style={
    Array [
      Object {
        "alignItems": "center",
        "flexDirection": "row",
        "width": "100%",
      },
      undefined,
    ]
  }
/>
`;
